
> pulseops-lite@0.1.0 test D:\Gits\PulseOps Lite
> vitest run "tests/ui/incident.detail.smoke.test.tsx"

node.exe : [33mThe CJS build of Vite's Node API is deprecated. See 
https://vite.dev/guide/troubleshooting.html#vite-cjs-node-api-deprecated for more 
details.[39m
At C:\Users\prudh\AppData\Roaming\npm\pnpm.ps1:24 char:5
+     & "node$exe"  "$basedir/node_modules/pnpm/bin/pnpm.cjs" $args
+     ~~~~~~~~~~~~~~~~~~~~~~~~~~~~~~~~~~~~~~~~~~~~~~~~~~~~~~~~~~~~~
    + CategoryInfo          : NotSpecified: ([33mThe CJS bu...e details.[39m:String) [],  
   RemoteException
    + FullyQualifiedErrorId : NativeCommandError
 

[1m[7m[36m RUN [39m[27m[22m [36mv2.1.9 [39m[90mD:/Gits/PulseOps Lite[39m

[90mstdout[2m | tests/ui/incident.detail.smoke.test.tsx[2m > [22m[2mIncidentDetailClient[2m > [22m[2mRenders Detail info and Timeline
[22m[39m[IncidentDetailClient] id=123, isDev=true
[IncidentDetailClient] id=123, isDev=true

[90mstdout[2m | tests/ui/incident.detail.smoke.test.tsx[2m > [22m[2mIncidentDetailClient[2m > [22m[2mResolves Logs Deep Link correctness
[22m[39m[IncidentDetailClient] id=123, isDev=true
[IncidentDetailClient] id=123, isDev=true

[90mstdout[2m | tests/ui/incident.detail.smoke.test.tsx[2m > [22m[2mIncidentDetailClient[2m > [22m[2mShows Resolve button for Developer
[22m[39m[IncidentDetailClient] id=123, isDev=true
[IncidentDetailClient] id=123, isDev=true

[90mstdout[2m | tests/ui/incident.detail.smoke.test.tsx[2m > [22m[2mIncidentDetailClient[2m > [22m[2mHides Resolve button for Viewer
[22m[39m[IncidentDetailClient] id=123, isDev=false
[IncidentDetailClient] id=123, isDev=false

 [31mÔØ»[39m tests/ui/incident.detail.smoke.test.tsx [2m([22m[2m4 tests[22m[2m | [22m[31m2 failed[39m[2m)[22m[33m 2171[2mms[22m[39m
[31m   [31m├ù[31m IncidentDetailClient[2m > [22mShows Resolve button for Developer[33m 1032[2mms[22m[31m[39m
[31m     ÔåÆ Found multiple elements with the text: Resolve Incident

Here are the matching elements:

Ignored nodes: comments, script, style
[36m<button[31m
  [33mstyle[31m=[32m"padding: 8px 16px; border-radius: 4px; color: white; background-color: var(--color-success-emphasis); cursor: pointer;"[31m
[36m>[31m
  [0mResolve Incident[0m
[36m</button>[31m

Ignored nodes: comments, script, style
[36m<button[31m
  [33mstyle[31m=[32m"padding: 8px 16px; border-radius: 4px; color: white; background-color: var(--color-success-emphasis); cursor: pointer;"[31m
[36m>[31m
  [0mResolve Incident[0m
[36m</button>[31m

Ignored nodes: comments, script, style
[36m<button[31m
  [33mstyle[31m=[32m"padding: 8px 16px; border-radius: 4px; color: white; background-color: var(--color-success-emphasis); cursor: pointer;"[31m
[36m>[31m
  [0mResolve Incident[0m
[36m</button>[31m

(If this is intentional, then use the `*AllBy*` variant of the query (like `queryAllByText`, `getAllByText`, or `findAllByText`)).

Ignored nodes: comments, script, style
[36m<body>[31m
  [36m<div>[31m
    [36m<div[31m
      [33mstyle[31m=[32m"padding: var(--spacing-lg); max-width: 800px; margin: 0px auto;"[31m
    [36m>[31m
      [36m<button[31m
        [33mstyle[31m=[32m"margin-bottom: var(--spacing-md); background: none; color: var(--color-primary); cursor: pointer;"[31m
      [36m>[31m
        [0mÔåÉ Back to Incidents[0m
      [36m</button>[31m
      [36m<div[31m
        [33mstyle[31m=[32m"margin-bottom: var(--spacing-xl); border-bottom: 1px solid var(--color-border); padding-bottom: var(--spacing-lg);"[31m
      [36m>[31m
        [36m<div[31m
          [33mstyle[31m=[32m"display: flex; justify-content: space-between; align-items: flex-start;"[31m
        [36m>[31m
          [36m<div>[31m
            [36m<h1[31m
              [33mstyle[31m=[32m"margin: 0 0 var(--spacing-sm) 0; font-size: var(--text-xl);"[31m
            [36m>[31m
              [0mApi High Latency[0m
            [36m</h1>[31m
            [36m<p[31m
              [33mstyle[31m=[32m"margin: 0px; color: var(--color-text-secondary);"[31m
            [36m>[31m
              [0mAPI[0m
              [0m / [0m
              [0mProd[0m
              [0m ÔÇó [0m
              [0m7/1/2026, 5:15:20 pm[0m
            [36m</p>[31m
          [36m</div>[31m
          [36m<div[31m
            [33mstyle[31m=[32m"display: flex; gap: 8px; align-items: center;"[31m
          [36m>[31m
            [36m<span[31m
              [33mclass[31m=[32m""[31m
              [33mstyle[31m=[32m"display: inline-flex; align-items: center; padding: var(--spacing-xs) var(--spacing-sm); font-size: var(--text-xs); font-weight: 500; border-radius: var(--radius-md); background-color: var(--color-error-bg); color: var(--color-error);"[31m
            [36m>[31m
              [0mhigh[0m
            [36m</span>[31m
            [36m<span[31m
              [33mclass[31m=[32m""[31m
              [33mstyle[31m=[32m"display: inline-flex; align-items: center; padding: var(--spacing-xs) var(--spacing-sm); font-size: var(--text-xs); font-weight: 500; border-radius: var(--radius-md); background-color: var(--color-error-bg); color: var(--color-error);"[31m
            [36m>[31m
              [0mopen[0m
            [36m</span>[31m
          [36m</div>[31m
        [36m</div>[31m
        [36m<div[31m
          [33mstyle[31m=[32m"margin-top: var(--spacing-lg); display: flex; gap: 12px;"[31m
        [36m>[31m
          [36m<a[31m
            [33mhref[31m=[32m"/logs?serviceId=svc1&environmentId=env1&from=2026-01-07T11%3A30%3A20.958Z&to=2026-01-07T12%3A00%3A20.958Z"[31m
            [33mstyle[31m=[32m"text-decoration: none; padding: 8px 16px; border-radius: 4px; border: 1px solid var(--color-border); color: var(--color-text-primary); background-color: var(--color-background-secondary);"[31m
          [36m>[31m
            [0mView Logs Around Time[0m
          [36m</a>[31m
          [36m<button[31m
            [33mstyle[31m=[32m"padding: 8px 16px; border-radius: 4px; color: white; background-color: var(--color-success-emphasis); cursor: pointer;"[31m
          [36m>[31m
            [0mResolve Incident[0m
          [36m</button>[31m
          [36m<button[31m
            [33mstyle[31m=[32m"padding: 8px 16px; border-radius: 4px; border: 1px solid var(--color-border); color: var(--color-text-primary); background-color: var(--color-background-tertiary); cursor: pointer;"[31m
          [36m>[31m
            [0mStart Investigation[0m
          [36m</button>[31m
        [36m</div>[31m
      [36m</div>[31m
      [36m<h3[31m
        [33mstyle[31m=[32m"font-size: var(--text-lg); margin-bottom: var(--spacing-md);"[31m
      [36m>[31m
        [0mTimeline[0m
      [36m</h3>[31m
      [36m<div[31m
        [33mstyle[31m=[32m"display: flex; flex-direction: column; gap: var(--spacing-md);"[31m
      [36m>[31m
        [36m<div[31m
          [33mstyle[31m=[32m"display: flex; gap: 16px;"[31m
        [36m>[31m
          [36m<div[31m
            [33mstyle[31m=[32m"min-width: 140px; font-size: var(--text-sm); color: var(--color-text-secondary); text-align: right;"[31m
          [36m>[31m
            [0m7/1/2026, 5:15:20 pm[0m
          [36m</div>[31m
          [36m<div[31m
            [33mstyle[31m=[32m"padding-bottom: var(--spacing-md); border-left: 2px solid var(--color-border); padding-left: 24px; position: relative;"[31m
          [36m>[31m
            [36m<div[31m
              [33mstyle[31m=[32m"position: absolute; left: -5px; top: 0px; width: 8px; height: 8px; border-radius: 50%; background-color: var(--color-text-secondary);"[31m
            [36m/>[31m
            [36m<div[31m
              [33mstyle[31m=[32m"font-weight: 600; margin-bottom: 4px;"[31m
            [36m>[31m
              [0mCREATED[0m
            [36m</div>[31m
            [36m<div[31m
              [33mstyle[31m=[32m"color: var(--color-text-primary);"[31m
            [36m>[31m
              [0mIncident created[0m
            [36m</div>[31m
          [36m</div>[31m
        [36m</div>[31m
      [36m</div>[31m
    [36m</div>[31m
  [36m</div>[31m
  [36m<div>[31m
    [36m<div[31m
      [33mstyle[31m=[32m"padding: var(--spacing-lg); max-width: 800px; margin: 0px auto;"[31m
    [36m>[31m
      [36m<button[31m
        [33mstyle[31m=[32m"margin-bottom: var(--spacing-md); background: none; color: var(--color-primary); cursor: pointer;"[31m
      [36m>[31m
        [0mÔåÉ Back to Incidents[0m
      [36m</button>[31m
      [36m<div[31m
        [33mstyle[31m=[32m"margin-bottom: var(--spacing-xl); border-bottom: 1px solid var(--color-border); padding-bottom: var(--spacing-lg);"[31m
      [36m>[31m
        [36m<div[31m
          [33mstyle[31m=[32m"display: flex; justify-content: space-between; align-items: flex-start;"[31m
        [36m>[31m
          [36m<div>[31m
            [36m<h1[31m
              [33mstyle[31m=[32m"margin: 0 0 var(--spacing-sm) 0; font-size: var(--text-xl);"[31m
            [36m>[31m
              [0mApi High Latency[0m
            [36m</h1>[31m
            [36m<p[31m
              [33mstyle[31m=[32m"margin: 0px; color: var(--color-text-secondary);"[31m
            [36m>[31m
              [0mAPI[0m
              [0m / [0m
              [0mProd[0m
              [0m ÔÇó [0m
              [0m7/1/2026, 5:15:20 pm[0m
            [36m</p>[31m
          [36m</div>[31m
          [36m<div[31m
            [33mstyle[31m=[32m"display: flex; gap: 8px; align-items: center;"[31m
          [36m>[31m
            [36m<span[31m
              [33mclass[31m=[32m""[31m
              [33mstyle[31m=[32m"display: inline-flex; align-items: center; padding: var(--spacing-xs) var(--spacing-sm); font-size: var(--text-xs); font-weight: 500; border-radius: var(--rad...

Ignored nodes: comments, script, style
[36m<html>[31m
  [36m<head />[31m
  [36m<body>[31m
    [36m<div>[31m
      [36m<div[31m
        [33mstyle[31m=[32m"padding: var(--spacing-lg); max-width: 800px; margin: 0px auto;"[31m
      [36m>[31m
        [36m<button[31m
          [33mstyle[31m=[32m"margin-bottom: var(--spacing-md); background: none; color: var(--color-primary); cursor: pointer;"[31m
        [36m>[31m
          [0mÔåÉ Back to Incidents[0m
        [36m</button>[31m
        [36m<div[31m
          [33mstyle[31m=[32m"margin-bottom: var(--spacing-xl); border-bottom: 1px solid var(--color-border); padding-bottom: var(--spacing-lg);"[31m
        [36m>[31m
          [36m<div[31m
            [33mstyle[31m=[32m"display: flex; justify-content: space-between; align-items: flex-start;"[31m
          [36m>[31m
            [36m<div>[31m
              [36m<h1[31m
                [33mstyle[31m=[32m"margin: 0 0 var(--spacing-sm) 0; font-size: var(--text-xl);"[31m
              [36m>[31m
                [0mApi High Latency[0m
              [36m</h1>[31m
              [36m<p[31m
                [33mstyle[31m=[32m"margin: 0px; color: var(--color-text-secondary);"[31m
              [36m>[31m
                [0mAPI[0m
                [0m / [0m
                [0mProd[0m
                [0m ÔÇó [0m
                [0m7/1/2026, 5:15:20 pm[0m
              [36m</p>[31m
            [36m</div>[31m
            [36m<div[31m
              [33mstyle[31m=[32m"display: flex; gap: 8px; align-items: center;"[31m
            [36m>[31m
              [36m<span[31m
                [33mclass[31m=[32m""[31m
                [33mstyle[31m=[32m"display: inline-flex; align-items: center; padding: var(--spacing-xs) var(--spacing-sm); font-size: var(--text-xs); font-weight: 500; border-radius: var(--radius-md); background-color: var(--color-error-bg); color: var(--color-error);"[31m
              [36m>[31m
                [0mhigh[0m
              [36m</span>[31m
              [36m<span[31m
                [33mclass[31m=[32m""[31m
                [33mstyle[31m=[32m"display: inline-flex; align-items: center; padding: var(--spacing-xs) var(--spacing-sm); font-size: var(--text-xs); font-weight: 500; border-radius: var(--radius-md); background-color: var(--color-error-bg); color: var(--color-error);"[31m
              [36m>[31m
                [0mopen[0m
              [36m</span>[31m
            [36m</div>[31m
          [36m</div>[31m
          [36m<div[31m
            [33mstyle[31m=[32m"margin-top: var(--spacing-lg); display: flex; gap: 12px;"[31m
          [36m>[31m
            [36m<a[31m
              [33mhref[31m=[32m"/logs?serviceId=svc1&environmentId=env1&from=2026-01-07T11%3A30%3A20.958Z&to=2026-01-07T12%3A00%3A20.958Z"[31m
              [33mstyle[31m=[32m"text-decoration: none; padding: 8px 16px; border-radius: 4px; border: 1px solid var(--color-border); color: var(--color-text-primary); background-color: var(--color-background-secondary);"[31m
            [36m>[31m
              [0mView Logs Around Time[0m
            [36m</a>[31m
            [36m<button[31m
              [33mstyle[31m=[32m"padding: 8px 16px; border-radius: 4px; color: white; background-color: var(--color-success-emphasis); cursor: pointer;"[31m
            [36m>[31m
              [0mResolve Incident[0m
            [36m</button>[31m
            [36m<button[31m
              [33mstyle[31m=[32m"padding: 8px 16px; border-radius: 4px; border: 1px solid var(--color-border); color: var(--color-text-primary); background-color: var(--color-background-tertiary); cursor: pointer;"[31m
            [36m>[31m
              [0mStart Investigation[0m
            [36m</button>[31m
          [36m</div>[31m
        [36m</div>[31m
        [36m<h3[31m
          [33mstyle[31m=[32m"font-size: var(--text-lg); margin-bottom: var(--spacing-md);"[31m
        [36m>[31m
          [0mTimeline[0m
        [36m</h3>[31m
        [36m<div[31m
          [33mstyle[31m=[32m"display: flex; flex-direction: column; gap: var(--spacing-md);"[31m
        [36m>[31m
          [36m<div[31m
            [33mstyle[31m=[32m"display: flex; gap: 16px;"[31m
          [36m>[31m
            [36m<div[31m
              [33mstyle[31m=[32m"min-width: 140px; font-size: var(--text-sm); color: var(--color-text-secondary); text-align: right;"[31m
            [36m>[31m
              [0m7/1/2026, 5:15:20 pm[0m
            [36m</div>[31m
            [36m<div[31m
              [33mstyle[31m=[32m"padding-bottom: var(--spacing-md); border-left: 2px solid var(--color-border); padding-left: 24px; position: relative;"[31m
            [36m>[31m
              [36m<div[31m
                [33mstyle[31m=[32m"position: absolute; left: -5px; top: 0px; width: 8px; height: 8px; border-radius: 50%; background-color: var(--color-text-secondary);"[31m
              [36m/>[31m
              [36m<div[31m
                [33mstyle[31m=[32m"font-weight: 600; margin-bottom: 4px;"[31m
              [36m>[31m
                [0mCREATED[0m
              [36m</div>[31m
              [36m<div[31m
                [33mstyle[31m=[32m"color: var(--color-text-primary);"[31m
              [36m>[31m
                [0mIncident created[0m
              [36m</div>[31m
            [36m</div>[31m
          [36m</div>[31m
        [36m</div>[31m
      [36m</div>[31m
    [36m</div>[31m
    [36m<div>[31m
      [36m<div[31m
        [33mstyle[31m=[32m"padding: var(--spacing-lg); max-width: 800px; margin: 0px auto;"[31m
      [36m>[31m
        [36m<button[31m
          [33mstyle[31m=[32m"margin-bottom: var(--spacing-md); background: none; color: var(--color-primary); cursor: pointer;"[31m
        [36m>[31m
          [0mÔåÉ Back to Incidents[0m
        [36m</button>[31m
        [36m<div[31m
          [33mstyle[31m=[32m"margin-bottom: var(--spacing-xl); border-bottom: 1px solid var(--color-border); padding-bottom: var(--spacing-lg);"[31m
        [36m>[31m
          [36m<div[31m
            [33mstyle[31m=[32m"display: flex; justify-content: space-between; align-items: flex-start;"[31m
          [36m>[31m
            [36m<div>[31m
              [36m<h1[31m
                [33mstyle[31m=[32m"margin: 0 0 var(--spacing-sm) 0; font-size: var(--text-xl);"[31m
              [36m>[31m
                [0mApi High Latency[0m
              [36m</h1>[31m
              [36m<p[31m
                [33mstyle[31m=[32m"margin: 0px; color: var(--color-text-secondary);"[31m
              [36m>[31m
                [0mAPI[0m
                [0m / [0m
                [0mProd[0m
                [0m ÔÇó [0m
                [0m7/1/2026, 5:15:20 pm[0m
              [36m</p>[31m
            [36m</div>[31m
            [36m<div[31m
              [33mstyle[31m=[32m"display: flex; gap: 8...[39m
[31m   [31m├ù[31m IncidentDetailClient[2m > [22mHides Resolve button for Viewer[33m 1013[2mms[22m[31m[39m
[31m     ÔåÆ Found multiple elements with the text: Api High Latency

Here are the matching elements:

Ignored nodes: comments, script, style
[36m<h1[31m
  [33mstyle[31m=[32m"margin: 0 0 var(--spacing-sm) 0; font-size: var(--text-xl);"[31m
[36m>[31m
  [0mApi High Latency[0m
[36m</h1>[31m

Ignored nodes: comments, script, style
[36m<h1[31m
  [33mstyle[31m=[32m"margin: 0 0 var(--spacing-sm) 0; font-size: var(--text-xl);"[31m
[36m>[31m
  [0mApi High Latency[0m
[36m</h1>[31m

Ignored nodes: comments, script, style
[36m<h1[31m
  [33mstyle[31m=[32m"margin: 0 0 var(--spacing-sm) 0; font-size: var(--text-xl);"[31m
[36m>[31m
  [0mApi High Latency[0m
[36m</h1>[31m

Ignored nodes: comments, script, style
[36m<h1[31m
  [33mstyle[31m=[32m"margin: 0 0 var(--spacing-sm) 0; font-size: var(--text-xl);"[31m
[36m>[31m
  [0mApi High Latency[0m
[36m</h1>[31m

(If this is intentional, then use the `*AllBy*` variant of the query (like `queryAllByText`, `getAllByText`, or `findAllByText`)).

Ignored nodes: comments, script, style
[36m<body>[31m
  [36m<div>[31m
    [36m<div[31m
      [33mstyle[31m=[32m"padding: var(--spacing-lg); max-width: 800px; margin: 0px auto;"[31m
    [36m>[31m
      [36m<button[31m
        [33mstyle[31m=[32m"margin-bottom: var(--spacing-md); background: none; color: var(--color-primary); cursor: pointer;"[31m
      [36m>[31m
        [0mÔåÉ Back to Incidents[0m
      [36m</button>[31m
      [36m<div[31m
        [33mstyle[31m=[32m"margin-bottom: var(--spacing-xl); border-bottom: 1px solid var(--color-border); padding-bottom: var(--spacing-lg);"[31m
      [36m>[31m
        [36m<div[31m
          [33mstyle[31m=[32m"display: flex; justify-content: space-between; align-items: flex-start;"[31m
        [36m>[31m
          [36m<div>[31m
            [36m<h1[31m
              [33mstyle[31m=[32m"margin: 0 0 var(--spacing-sm) 0; font-size: var(--text-xl);"[31m
            [36m>[31m
              [0mApi High Latency[0m
            [36m</h1>[31m
            [36m<p[31m
              [33mstyle[31m=[32m"margin: 0px; color: var(--color-text-secondary);"[31m
            [36m>[31m
              [0mAPI[0m
              [0m / [0m
              [0mProd[0m
              [0m ÔÇó [0m
              [0m7/1/2026, 5:15:20 pm[0m
            [36m</p>[31m
          [36m</div>[31m
          [36m<div[31m
            [33mstyle[31m=[32m"display: flex; gap: 8px; align-items: center;"[31m
          [36m>[31m
            [36m<span[31m
              [33mclass[31m=[32m""[31m
              [33mstyle[31m=[32m"display: inline-flex; align-items: center; padding: var(--spacing-xs) var(--spacing-sm); font-size: var(--text-xs); font-weight: 500; border-radius: var(--radius-md); background-color: var(--color-error-bg); color: var(--color-error);"[31m
            [36m>[31m
              [0mhigh[0m
            [36m</span>[31m
            [36m<span[31m
              [33mclass[31m=[32m""[31m
              [33mstyle[31m=[32m"display: inline-flex; align-items: center; padding: var(--spacing-xs) var(--spacing-sm); font-size: var(--text-xs); font-weight: 500; border-radius: var(--radius-md); background-color: var(--color-error-bg); color: var(--color-error);"[31m
            [36m>[31m
              [0mopen[0m
            [36m</span>[31m
          [36m</div>[31m
        [36m</div>[31m
        [36m<div[31m
          [33mstyle[31m=[32m"margin-top: var(--spacing-lg); display: flex; gap: 12px;"[31m
        [36m>[31m
          [36m<a[31m
            [33mhref[31m=[32m"/logs?serviceId=svc1&environmentId=env1&from=2026-01-07T11%3A30%3A20.958Z&to=2026-01-07T12%3A00%3A20.958Z"[31m
            [33mstyle[31m=[32m"text-decoration: none; padding: 8px 16px; border-radius: 4px; border: 1px solid var(--color-border); color: var(--color-text-primary); background-color: var(--color-background-secondary);"[31m
          [36m>[31m
            [0mView Logs Around Time[0m
          [36m</a>[31m
          [36m<button[31m
            [33mstyle[31m=[32m"padding: 8px 16px; border-radius: 4px; color: white; background-color: var(--color-success-emphasis); cursor: pointer;"[31m
          [36m>[31m
            [0mResolve Incident[0m
          [36m</button>[31m
          [36m<button[31m
            [33mstyle[31m=[32m"padding: 8px 16px; border-radius: 4px; border: 1px solid var(--color-border); color: var(--color-text-primary); background-color: var(--color-background-tertiary); cursor: pointer;"[31m
          [36m>[31m
            [0mStart Investigation[0m
          [36m</button>[31m
        [36m</div>[31m
      [36m</div>[31m
      [36m<h3[31m
        [33mstyle[31m=[32m"font-size: var(--text-lg); margin-bottom: var(--spacing-md);"[31m
      [36m>[31m
        [0mTimeline[0m
      [36m</h3>[31m
      [36m<div[31m
        [33mstyle[31m=[32m"display: flex; flex-direction: column; gap: var(--spacing-md);"[31m
      [36m>[31m
        [36m<div[31m
          [33mstyle[31m=[32m"display: flex; gap: 16px;"[31m
        [36m>[31m
          [36m<div[31m
            [33mstyle[31m=[32m"min-width: 140px; font-size: var(--text-sm); color: var(--color-text-secondary); text-align: right;"[31m
          [36m>[31m
            [0m7/1/2026, 5:15:20 pm[0m
          [36m</div>[31m
          [36m<div[31m
            [33mstyle[31m=[32m"padding-bottom: var(--spacing-md); border-left: 2px solid var(--color-border); padding-left: 24px; position: relative;"[31m
          [36m>[31m
            [36m<div[31m
              [33mstyle[31m=[32m"position: absolute; left: -5px; top: 0px; width: 8px; height: 8px; border-radius: 50%; background-color: var(--color-text-secondary);"[31m
            [36m/>[31m
            [36m<div[31m
              [33mstyle[31m=[32m"font-weight: 600; margin-bottom: 4px;"[31m
            [36m>[31m
              [0mCREATED[0m
            [36m</div>[31m
            [36m<div[31m
              [33mstyle[31m=[32m"color: var(--color-text-primary);"[31m
            [36m>[31m
              [0mIncident created[0m
            [36m</div>[31m
          [36m</div>[31m
        [36m</div>[31m
      [36m</div>[31m
    [36m</div>[31m
  [36m</div>[31m
  [36m<div>[31m
    [36m<div[31m
      [33mstyle[31m=[32m"padding: var(--spacing-lg); max-width: 800px; margin: 0px auto;"[31m
    [36m>[31m
      [36m<button[31m
        [33mstyle[31m=[32m"margin-bottom: var(--spacing-md); background: none; color: var(--color-primary); cursor: pointer;"[31m
      [36m>[31m
        [0mÔåÉ Back to Incidents[0m
      [36m</button>[31m
      [36m<div[31m
        [33mstyle[31m=[32m"margin-bottom: var(--spacing-xl); border-bottom: 1px solid var(--color-border); padding-bottom: var(--spacing-lg);"[31m
      [36m>[31m
        [36m<div[31m
          [33mstyle[31m=[32m"display: flex; justify-content: space-between; align-items: flex-start;"[31m
        [36m>[31m
          [36m<div>[31m
            [36m<h1[31m
              [33mstyle[31m=[32m"margin: 0 0 var(--spacing-sm) 0; font-size: var(--text-xl);"[31m
            [36m>[31m
              [0mApi High Latency[0m
            [36m</h1>[31m
            [36m<p[31m
              [33mstyle[31m=[32m"margin: 0px; color: var(--color-text-secondary);"[31m
            [36m>[31m
              [0mAPI[0m
              [0m / [0m
              [0mProd[0m
              [0m ÔÇó [0m
              [0m7/1/2026, 5:15:20 pm[0m
            [36m</p>[31m
          [36m</div>[31m
          [36m<div[31m
            [33mstyle[31m=[32m"display: flex; gap: 8px; align-items: center;"[31m
          [36m>[31m
            [36m<span[31m
              [33mclass[31m=[32m""[31m
              [33mstyle[31m=[32m"display: inline-flex; align-items: center; padding: var(--spacing-xs) var(--spacing-sm); font-size: var(--text-xs); font-weight: 500; border-radius: var(--rad...

Ignored nodes: comments, script, style
[36m<html>[31m
  [36m<head />[31m
  [36m<body>[31m
    [36m<div>[31m
      [36m<div[31m
        [33mstyle[31m=[32m"padding: var(--spacing-lg); max-width: 800px; margin: 0px auto;"[31m
      [36m>[31m
        [36m<button[31m
          [33mstyle[31m=[32m"margin-bottom: var(--spacing-md); background: none; color: var(--color-primary); cursor: pointer;"[31m
        [36m>[31m
          [0mÔåÉ Back to Incidents[0m
        [36m</button>[31m
        [36m<div[31m
          [33mstyle[31m=[32m"margin-bottom: var(--spacing-xl); border-bottom: 1px solid var(--color-border); padding-bottom: var(--spacing-lg);"[31m
        [36m>[31m
          [36m<div[31m
            [33mstyle[31m=[32m"display: flex; justify-content: space-between; align-items: flex-start;"[31m
          [36m>[31m
            [36m<div>[31m
              [36m<h1[31m
                [33mstyle[31m=[32m"margin: 0 0 var(--spacing-sm) 0; font-size: var(--text-xl);"[31m
              [36m>[31m
                [0mApi High Latency[0m
              [36m</h1>[31m
              [36m<p[31m
                [33mstyle[31m=[32m"margin: 0px; color: var(--color-text-secondary);"[31m
              [36m>[31m
                [0mAPI[0m
                [0m / [0m
                [0mProd[0m
                [0m ÔÇó [0m
                [0m7/1/2026, 5:15:20 pm[0m
              [36m</p>[31m
            [36m</div>[31m
            [36m<div[31m
              [33mstyle[31m=[32m"display: flex; gap: 8px; align-items: center;"[31m
            [36m>[31m
              [36m<span[31m
                [33mclass[31m=[32m""[31m
                [33mstyle[31m=[32m"display: inline-flex; align-items: center; padding: var(--spacing-xs) var(--spacing-sm); font-size: var(--text-xs); font-weight: 500; border-radius: var(--radius-md); background-color: var(--color-error-bg); color: var(--color-error);"[31m
              [36m>[31m
                [0mhigh[0m
              [36m</span>[31m
              [36m<span[31m
                [33mclass[31m=[32m""[31m
                [33mstyle[31m=[32m"display: inline-flex; align-items: center; padding: var(--spacing-xs) var(--spacing-sm); font-size: var(--text-xs); font-weight: 500; border-radius: var(--radius-md); background-color: var(--color-error-bg); color: var(--color-error);"[31m
              [36m>[31m
                [0mopen[0m
              [36m</span>[31m
            [36m</div>[31m
          [36m</div>[31m
          [36m<div[31m
            [33mstyle[31m=[32m"margin-top: var(--spacing-lg); display: flex; gap: 12px;"[31m
          [36m>[31m
            [36m<a[31m
              [33mhref[31m=[32m"/logs?serviceId=svc1&environmentId=env1&from=2026-01-07T11%3A30%3A20.958Z&to=2026-01-07T12%3A00%3A20.958Z"[31m
              [33mstyle[31m=[32m"text-decoration: none; padding: 8px 16px; border-radius: 4px; border: 1px solid var(--color-border); color: var(--color-text-primary); background-color: var(--color-background-secondary);"[31m
            [36m>[31m
              [0mView Logs Around Time[0m
            [36m</a>[31m
            [36m<button[31m
              [33mstyle[31m=[32m"padding: 8px 16px; border-radius: 4px; color: white; background-color: var(--color-success-emphasis); cursor: pointer;"[31m
            [36m>[31m
              [0mResolve Incident[0m
            [36m</button>[31m
            [36m<button[31m
              [33mstyle[31m=[32m"padding: 8px 16px; border-radius: 4px; border: 1px solid var(--color-border); color: var(--color-text-primary); background-color: var(--color-background-tertiary); cursor: pointer;"[31m
            [36m>[31m
              [0mStart Investigation[0m
            [36m</button>[31m
          [36m</div>[31m
        [36m</div>[31m
        [36m<h3[31m
          [33mstyle[31m=[32m"font-size: var(--text-lg); margin-bottom: var(--spacing-md);"[31m
        [36m>[31m
          [0mTimeline[0m
        [36m</h3>[31m
        [36m<div[31m
          [33mstyle[31m=[32m"display: flex; flex-direction: column; gap: var(--spacing-md);"[31m
        [36m>[31m
          [36m<div[31m
            [33mstyle[31m=[32m"display: flex; gap: 16px;"[31m
          [36m>[31m
            [36m<div[31m
              [33mstyle[31m=[32m"min-width: 140px; font-size: var(--text-sm); color: var(--color-text-secondary); text-align: right;"[31m
            [36m>[31m
              [0m7/1/2026, 5:15:20 pm[0m
            [36m</div>[31m
            [36m<div[31m
              [33mstyle[31m=[32m"padding-bottom: var(--spacing-md); border-left: 2px solid var(--color-border); padding-left: 24px; position: relative;"[31m
            [36m>[31m
              [36m<div[31m
                [33mstyle[31m=[32m"position: absolute; left: -5px; top: 0px; width: 8px; height: 8px; border-radius: 50%; background-color: var(--color-text-secondary);"[31m
              [36m/>[31m
              [36m<div[31m
                [33mstyle[31m=[32m"font-weight: 600; margin-bottom: 4px;"[31m
              [36m>[31m
                [0mCREATED[0m
              [36m</div>[31m
              [36m<div[31m
                [33mstyle[31m=[32m"color: var(--color-text-primary);"[31m
              [36m>[31m
                [0mIncident created[0m
              [36m</div>[31m
            [36m</div>[31m
          [36m</div>[31m
        [36m</div>[31m
      [36m</div>[31m
    [36m</div>[31m
    [36m<div>[31m
      [36m<div[31m
        [33mstyle[31m=[32m"padding: var(--spacing-lg); max-width: 800px; margin: 0px auto;"[31m
      [36m>[31m
        [36m<button[31m
          [33mstyle[31m=[32m"margin-bottom: var(--spacing-md); background: none; color: var(--color-primary); cursor: pointer;"[31m
        [36m>[31m
          [0mÔåÉ Back to Incidents[0m
        [36m</button>[31m
        [36m<div[31m
          [33mstyle[31m=[32m"margin-bottom: var(--spacing-xl); border-bottom: 1px solid var(--color-border); padding-bottom: var(--spacing-lg);"[31m
        [36m>[31m
          [36m<div[31m
            [33mstyle[31m=[32m"display: flex; justify-content: space-between; align-items: flex-start;"[31m
          [36m>[31m
            [36m<div>[31m
              [36m<h1[31m
                [33mstyle[31m=[32m"margin: 0 0 var(--spacing-sm) 0; font-size: var(--text-xl);"[31m
              [36m>[31m
                [0mApi High Latency[0m
              [36m</h1>[31m
              [36m<p[31m
                [33mstyle[31m=[32m"margin: 0px; color: var(--color-text-secondary);"[31m
              [36m>[31m
                [0mAPI[0m
                [0m / [0m
                [0mProd[0m
                [0m ÔÇó [0m
                [0m7/1/2026, 5:15:20 pm[0m
              [36m</p>[31m
            [36m</div>[31m
            [36m<div[31m
              [33mstyle[31m=[32m"display: flex; gap: 8...[39m

[31mÔÄ»ÔÄ»ÔÄ»ÔÄ»ÔÄ»ÔÄ»ÔÄ»[1m[7m Failed Tests 2 [27m[22mÔÄ»ÔÄ»ÔÄ»ÔÄ»ÔÄ»ÔÄ»ÔÄ»[39m

[31m[1m[7m FAIL [27m[22m[39m tests/ui/incident.detail.smoke.test.tsx[2m > 
[22mIncidentDetailClient[2m > [22mShows Resolve button for Developer
[31m[1mTestingLibraryElementError[22m[39m: Found multiple elements with the text: 
Resolve Incident

Here are the matching elements:

Ignored nodes: comments, script, style
[36m<button[39m
  [33mstyle[39m=[32m"padding: 8px 16px; border-radius: 4px; color: white; 
background-color: var(--color-success-emphasis); cursor: pointer;"[39m
[36m>[39m
  [0mResolve Incident[0m
[36m</button>[39m

Ignored nodes: comments, script, style
[36m<button[39m
  [33mstyle[39m=[32m"padding: 8px 16px; border-radius: 4px; color: white; 
background-color: var(--color-success-emphasis); cursor: pointer;"[39m
[36m>[39m
  [0mResolve Incident[0m
[36m</button>[39m

Ignored nodes: comments, script, style
[36m<button[39m
  [33mstyle[39m=[32m"padding: 8px 16px; border-radius: 4px; color: white; 
background-color: var(--color-success-emphasis); cursor: pointer;"[39m
[36m>[39m
  [0mResolve Incident[0m
[36m</button>[39m

(If this is intentional, then use the `*AllBy*` variant of the query (like 
`queryAllByText`, `getAllByText`, or `findAllByText`)).

Ignored nodes: comments, script, style
[36m<body>[39m
  [36m<div>[39m
    [36m<div[39m
      [33mstyle[39m=[32m"padding: var(--spacing-lg); max-width: 800px; margin: 0px 
auto;"[39m
    [36m>[39m
      [36m<button[39m
        [33mstyle[39m=[32m"margin-bottom: var(--spacing-md); background: none; color: 
var(--color-primary); cursor: pointer;"[39m
      [36m>[39m
        [0mÔåÉ Back to Incidents[0m
      [36m</button>[39m
      [36m<div[39m
        [33mstyle[39m=[32m"margin-bottom: var(--spacing-xl); border-bottom: 1px solid 
var(--color-border); padding-bottom: var(--spacing-lg);"[39m
      [36m>[39m
        [36m<div[39m
          [33mstyle[39m=[32m"display: flex; justify-content: space-between; align-items: 
flex-start;"[39m
        [36m>[39m
          [36m<div>[39m
            [36m<h1[39m
              [33mstyle[39m=[32m"margin: 0 0 var(--spacing-sm) 0; font-size: 
var(--text-xl);"[39m
            [36m>[39m
              [0mApi High Latency[0m
            [36m</h1>[39m
            [36m<p[39m
              [33mstyle[39m=[32m"margin: 0px; color: var(--color-text-secondary);"[39m
            [36m>[39m
              [0mAPI[0m
              [0m / [0m
              [0mProd[0m
              [0m ÔÇó [0m
              [0m7/1/2026, 5:15:20 pm[0m
            [36m</p>[39m
          [36m</div>[39m
          [36m<div[39m
            [33mstyle[39m=[32m"display: flex; gap: 8px; align-items: center;"[39m
          [36m>[39m
            [36m<span[39m
              [33mclass[39m=[32m""[39m
              [33mstyle[39m=[32m"display: inline-flex; align-items: center; padding: 
var(--spacing-xs) var(--spacing-sm); font-size: var(--text-xs); font-weight: 500; 
border-radius: var(--radius-md); background-color: var(--color-error-bg); color: 
var(--color-error);"[39m
            [36m>[39m
              [0mhigh[0m
            [36m</span>[39m
            [36m<span[39m
              [33mclass[39m=[32m""[39m
              [33mstyle[39m=[32m"display: inline-flex; align-items: center; padding: 
var(--spacing-xs) var(--spacing-sm); font-size: var(--text-xs); font-weight: 500; 
border-radius: var(--radius-md); background-color: var(--color-error-bg); color: 
var(--color-error);"[39m
            [36m>[39m
              [0mopen[0m
            [36m</span>[39m
          [36m</div>[39m
        [36m</div>[39m
        [36m<div[39m
          [33mstyle[39m=[32m"margin-top: var(--spacing-lg); display: flex; gap: 
12px;"[39m
        [36m>[39m
          [36m<a[39m
            [33mhref[39m=[32m"/logs?serviceId=svc1&environmentId=env1&from=2026-01-07T11%
3A30%3A20.958Z&to=2026-01-07T12%3A00%3A20.958Z"[39m
            [33mstyle[39m=[32m"text-decoration: none; padding: 8px 16px; border-radius: 
4px; border: 1px solid var(--color-border); color: var(--color-text-primary); 
background-color: var(--color-background-secondary);"[39m
          [36m>[39m
            [0mView Logs Around Time[0m
          [36m</a>[39m
          [36m<button[39m
            [33mstyle[39m=[32m"padding: 8px 16px; border-radius: 4px; color: white; 
background-color: var(--color-success-emphasis); cursor: pointer;"[39m
          [36m>[39m
            [0mResolve Incident[0m
          [36m</button>[39m
          [36m<button[39m
            [33mstyle[39m=[32m"padding: 8px 16px; border-radius: 4px; border: 1px solid 
var(--color-border); color: var(--color-text-primary); background-color: 
var(--color-background-tertiary); cursor: pointer;"[39m
          [36m>[39m
            [0mStart Investigation[0m
          [36m</button>[39m
        [36m</div>[39m
      [36m</div>[39m
      [36m<h3[39m
        [33mstyle[39m=[32m"font-size: var(--text-lg); margin-bottom: 
var(--spacing-md);"[39m
      [36m>[39m
        [0mTimeline[0m
      [36m</h3>[39m
      [36m<div[39m
        [33mstyle[39m=[32m"display: flex; flex-direction: column; gap: 
var(--spacing-md);"[39m
      [36m>[39m
        [36m<div[39m
          [33mstyle[39m=[32m"display: flex; gap: 16px;"[39m
        [36m>[39m
          [36m<div[39m
            [33mstyle[39m=[32m"min-width: 140px; font-size: var(--text-sm); color: 
var(--color-text-secondary); text-align: right;"[39m
          [36m>[39m
            [0m7/1/2026, 5:15:20 pm[0m
          [36m</div>[39m
          [36m<div[39m
            [33mstyle[39m=[32m"padding-bottom: var(--spacing-md); border-left: 2px solid 
var(--color-border); padding-left: 24px; position: relative;"[39m
          [36m>[39m
            [36m<div[39m
              [33mstyle[39m=[32m"position: absolute; left: -5px; top: 0px; width: 8px; 
height: 8px; border-radius: 50%; background-color: var(--color-text-secondary);"[39m
            [36m/>[39m
            [36m<div[39m
              [33mstyle[39m=[32m"font-weight: 600; margin-bottom: 4px;"[39m
            [36m>[39m
              [0mCREATED[0m
            [36m</div>[39m
            [36m<div[39m
              [33mstyle[39m=[32m"color: var(--color-text-primary);"[39m
            [36m>[39m
              [0mIncident created[0m
            [36m</div>[39m
          [36m</div>[39m
        [36m</div>[39m
      [36m</div>[39m
    [36m</div>[39m
  [36m</div>[39m
  [36m<div>[39m
    [36m<div[39m
      [33mstyle[39m=[32m"padding: var(--spacing-lg); max-width: 800px; margin: 0px 
auto;"[39m
    [36m>[39m
      [36m<button[39m
        [33mstyle[39m=[32m"margin-bottom: var(--spacing-md); background: none; color: 
var(--color-primary); cursor: pointer;"[39m
      [36m>[39m
        [0mÔåÉ Back to Incidents[0m
      [36m</button>[39m
      [36m<div[39m
        [33mstyle[39m=[32m"margin-bottom: var(--spacing-xl); border-bottom: 1px solid 
var(--color-border); padding-bottom: var(--spacing-lg);"[39m
      [36m>[39m
        [36m<div[39m
          [33mstyle[39m=[32m"display: flex; justify-content: space-between; align-items: 
flex-start;"[39m
        [36m>[39m
          [36m<div>[39m
            [36m<h1[39m
              [33mstyle[39m=[32m"margin: 0 0 var(--spacing-sm) 0; font-size: 
var(--text-xl);"[39m
            [36m>[39m
              [0mApi High Latency[0m
            [36m</h1>[39m
            [36m<p[39m
              [33mstyle[39m=[32m"margin: 0px; color: var(--color-text-secondary);"[39m
            [36m>[39m
              [0mAPI[0m
              [0m / [0m
              [0mProd[0m
              [0m ÔÇó [0m
              [0m7/1/2026, 5:15:20 pm[0m
            [36m</p>[39m
          [36m</div>[39m
          [36m<div[39m
            [33mstyle[39m=[32m"display: flex; gap: 8px; align-items: center;"[39m
          [36m>[39m
            [36m<span[39m
              [33mclass[39m=[32m""[39m
              [33mstyle[39m=[32m"display: inline-flex; align-items: center; padding: 
var(--spacing-xs) var(--spacing-sm); font-size: var(--text-xs); font-weight: 500; 
border-radius: var(--rad...

Ignored nodes: comments, script, style
[36m<html>[39m
  [36m<head />[39m
  [36m<body>[39m
    [36m<div>[39m
      [36m<div[39m
        [33mstyle[39m=[32m"padding: var(--spacing-lg); max-width: 800px; margin: 0px 
auto;"[39m
      [36m>[39m
        [36m<button[39m
          [33mstyle[39m=[32m"margin-bottom: var(--spacing-md); background: none; color: 
var(--color-primary); cursor: pointer;"[39m
        [36m>[39m
          [0mÔåÉ Back to Incidents[0m
        [36m</button>[39m
        [36m<div[39m
          [33mstyle[39m=[32m"margin-bottom: var(--spacing-xl); border-bottom: 1px solid 
var(--color-border); padding-bottom: var(--spacing-lg);"[39m
        [36m>[39m
          [36m<div[39m
            [33mstyle[39m=[32m"display: flex; justify-content: space-between; 
align-items: flex-start;"[39m
          [36m>[39m
            [36m<div>[39m
              [36m<h1[39m
                [33mstyle[39m=[32m"margin: 0 0 var(--spacing-sm) 0; font-size: 
var(--text-xl);"[39m
              [36m>[39m
                [0mApi High Latency[0m
              [36m</h1>[39m
              [36m<p[39m
                [33mstyle[39m=[32m"margin: 0px; color: var(--color-text-secondary);"[39m
              [36m>[39m
                [0mAPI[0m
                [0m / [0m
                [0mProd[0m
                [0m ÔÇó [0m
                [0m7/1/2026, 5:15:20 pm[0m
              [36m</p>[39m
            [36m</div>[39m
            [36m<div[39m
              [33mstyle[39m=[32m"display: flex; gap: 8px; align-items: center;"[39m
            [36m>[39m
              [36m<span[39m
                [33mclass[39m=[32m""[39m
                [33mstyle[39m=[32m"display: inline-flex; align-items: center; padding: 
var(--spacing-xs) var(--spacing-sm); font-size: var(--text-xs); font-weight: 500; 
border-radius: var(--radius-md); background-color: var(--color-error-bg); color: 
var(--color-error);"[39m
              [36m>[39m
                [0mhigh[0m
              [36m</span>[39m
              [36m<span[39m
                [33mclass[39m=[32m""[39m
                [33mstyle[39m=[32m"display: inline-flex; align-items: center; padding: 
var(--spacing-xs) var(--spacing-sm); font-size: var(--text-xs); font-weight: 500; 
border-radius: var(--radius-md); background-color: var(--color-error-bg); color: 
var(--color-error);"[39m
              [36m>[39m
                [0mopen[0m
              [36m</span>[39m
            [36m</div>[39m
          [36m</div>[39m
          [36m<div[39m
            [33mstyle[39m=[32m"margin-top: var(--spacing-lg); display: flex; gap: 
12px;"[39m
          [36m>[39m
            [36m<a[39m
              [33mhref[39m=[32m"/logs?serviceId=svc1&environmentId=env1&from=2026-01-07T1
1%3A30%3A20.958Z&to=2026-01-07T12%3A00%3A20.958Z"[39m
              [33mstyle[39m=[32m"text-decoration: none; padding: 8px 16px; 
border-radius: 4px; border: 1px solid var(--color-border); color: 
var(--color-text-primary); background-color: var(--color-background-secondary);"[39m
            [36m>[39m
              [0mView Logs Around Time[0m
            [36m</a>[39m
            [36m<button[39m
              [33mstyle[39m=[32m"padding: 8px 16px; border-radius: 4px; color: white; 
background-color: var(--color-success-emphasis); cursor: pointer;"[39m
            [36m>[39m
              [0mResolve Incident[0m
            [36m</button>[39m
            [36m<button[39m
              [33mstyle[39m=[32m"padding: 8px 16px; border-radius: 4px; border: 1px 
solid var(--color-border); color: var(--color-text-primary); background-color: 
var(--color-background-tertiary); cursor: pointer;"[39m
            [36m>[39m
              [0mStart Investigation[0m
            [36m</button>[39m
          [36m</div>[39m
        [36m</div>[39m
        [36m<h3[39m
          [33mstyle[39m=[32m"font-size: var(--text-lg); margin-bottom: 
var(--spacing-md);"[39m
        [36m>[39m
          [0mTimeline[0m
        [36m</h3>[39m
        [36m<div[39m
          [33mstyle[39m=[32m"display: flex; flex-direction: column; gap: 
var(--spacing-md);"[39m
        [36m>[39m
          [36m<div[39m
            [33mstyle[39m=[32m"display: flex; gap: 16px;"[39m
          [36m>[39m
            [36m<div[39m
              [33mstyle[39m=[32m"min-width: 140px; font-size: var(--text-sm); color: 
var(--color-text-secondary); text-align: right;"[39m
            [36m>[39m
              [0m7/1/2026, 5:15:20 pm[0m
            [36m</div>[39m
            [36m<div[39m
              [33mstyle[39m=[32m"padding-bottom: var(--spacing-md); border-left: 2px 
solid var(--color-border); padding-left: 24px; position: relative;"[39m
            [36m>[39m
              [36m<div[39m
                [33mstyle[39m=[32m"position: absolute; left: -5px; top: 0px; width: 8px; 
height: 8px; border-radius: 50%; background-color: var(--color-text-secondary);"[39m
              [36m/>[39m
              [36m<div[39m
                [33mstyle[39m=[32m"font-weight: 600; margin-bottom: 4px;"[39m
              [36m>[39m
                [0mCREATED[0m
              [36m</div>[39m
              [36m<div[39m
                [33mstyle[39m=[32m"color: var(--color-text-primary);"[39m
              [36m>[39m
                [0mIncident created[0m
              [36m</div>[39m
            [36m</div>[39m
          [36m</div>[39m
        [36m</div>[39m
      [36m</div>[39m
    [36m</div>[39m
    [36m<div>[39m
      [36m<div[39m
        [33mstyle[39m=[32m"padding: var(--spacing-lg); max-width: 800px; margin: 0px 
auto;"[39m
      [36m>[39m
        [36m<button[39m
          [33mstyle[39m=[32m"margin-bottom: var(--spacing-md); background: none; color: 
var(--color-primary); cursor: pointer;"[39m
        [36m>[39m
          [0mÔåÉ Back to Incidents[0m
        [36m</button>[39m
        [36m<div[39m
          [33mstyle[39m=[32m"margin-bottom: var(--spacing-xl); border-bottom: 1px solid 
var(--color-border); padding-bottom: var(--spacing-lg);"[39m
        [36m>[39m
          [36m<div[39m
            [33mstyle[39m=[32m"display: flex; justify-content: space-between; 
align-items: flex-start;"[39m
          [36m>[39m
            [36m<div>[39m
              [36m<h1[39m
                [33mstyle[39m=[32m"margin: 0 0 var(--spacing-sm) 0; font-size: 
var(--text-xl);"[39m
              [36m>[39m
                [0mApi High Latency[0m
              [36m</h1>[39m
              [36m<p[39m
                [33mstyle[39m=[32m"margin: 0px; color: var(--color-text-secondary);"[39m
              [36m>[39m
                [0mAPI[0m
                [0m / [0m
                [0mProd[0m
                [0m ÔÇó [0m
                [0m7/1/2026, 5:15:20 pm[0m
              [36m</p>[39m
            [36m</div>[39m
            [36m<div[39m
              [33mstyle[39m=[32m"display: flex; gap: 8...
[90m [2mÔØ»[22m Proxy.waitForWrapper node_modules/.pnpm/@testing-library+dom@10.4.1/node_
modules/@testing-library/dom/dist/wait-for.js:[2m163:27[22m[39m
[36m [2mÔØ»[22m tests/ui/incident.detail.smoke.test.tsx:[2m69:15[22m[39m
    [90m 67| [39m        [34mrender[39m([33m<[39m[33mIncidentDetailClient[39m 
[33mincidentId[39m[33m=[39m[32m"123"[39m 
[33misDeveloper[39m[33m=[39m[33m{[39m[35mtru[39mÔÇª
    [90m 68| [39m
    [90m 69| [39m        [35mawait[39m [34mwaitFor[39m(() [33m=>[39m {
    [90m   | [39m              [31m^[39m
    [90m 70| [39m            
[34mexpect[39m(screen[33m.[39m[34mgetByText[39m([32m'Resolve 
Incident'[39m))[33m.[39m[34mtoBeInTheDocu[39mÔÇª
    [90m 71| [39m        })[33m;[39m

[31m[2mÔÄ»ÔÄ»ÔÄ»ÔÄ»ÔÄ»ÔÄ»ÔÄ»ÔÄ»ÔÄ»ÔÄ»ÔÄ»ÔÄ»ÔÄ»ÔÄ»ÔÄ»ÔÄ»ÔÄ»ÔÄ»ÔÄ»ÔÄ»ÔÄ»ÔÄ»ÔÄ»ÔÄ»[1/2]ÔÄ»[2
2m[39m

[31m[1m[7m FAIL [27m[22m[39m tests/ui/incident.detail.smoke.test.tsx[2m > 
[22mIncidentDetailClient[2m > [22mHides Resolve button for Viewer
[31m[1mTestingLibraryElementError[22m[39m: Found multiple elements with the text: Api 
High Latency

Here are the matching elements:

Ignored nodes: comments, script, style
[36m<h1[39m
  [33mstyle[39m=[32m"margin: 0 0 var(--spacing-sm) 0; font-size: var(--text-xl);"[39m
[36m>[39m
  [0mApi High Latency[0m
[36m</h1>[39m

Ignored nodes: comments, script, style
[36m<h1[39m
  [33mstyle[39m=[32m"margin: 0 0 var(--spacing-sm) 0; font-size: var(--text-xl);"[39m
[36m>[39m
  [0mApi High Latency[0m
[36m</h1>[39m

Ignored nodes: comments, script, style
[36m<h1[39m
  [33mstyle[39m=[32m"margin: 0 0 var(--spacing-sm) 0; font-size: var(--text-xl);"[39m
[36m>[39m
  [0mApi High Latency[0m
[36m</h1>[39m

Ignored nodes: comments, script, style
[36m<h1[39m
  [33mstyle[39m=[32m"margin: 0 0 var(--spacing-sm) 0; font-size: var(--text-xl);"[39m
[36m>[39m
  [0mApi High Latency[0m
[36m</h1>[39m

(If this is intentional, then use the `*AllBy*` variant of the query (like 
`queryAllByText`, `getAllByText`, or `findAllByText`)).

Ignored nodes: comments, script, style
[36m<body>[39m
  [36m<div>[39m
    [36m<div[39m
      [33mstyle[39m=[32m"padding: var(--spacing-lg); max-width: 800px; margin: 0px 
auto;"[39m
    [36m>[39m
      [36m<button[39m
        [33mstyle[39m=[32m"margin-bottom: var(--spacing-md); background: none; color: 
var(--color-primary); cursor: pointer;"[39m
      [36m>[39m
        [0mÔåÉ Back to Incidents[0m
      [36m</button>[39m
      [36m<div[39m
        [33mstyle[39m=[32m"margin-bottom: var(--spacing-xl); border-bottom: 1px solid 
var(--color-border); padding-bottom: var(--spacing-lg);"[39m
      [36m>[39m
        [36m<div[39m
          [33mstyle[39m=[32m"display: flex; justify-content: space-between; align-items: 
flex-start;"[39m
        [36m>[39m
          [36m<div>[39m
            [36m<h1[39m
              [33mstyle[39m=[32m"margin: 0 0 var(--spacing-sm) 0; font-size: 
var(--text-xl);"[39m
            [36m>[39m
              [0mApi High Latency[0m
            [36m</h1>[39m
            [36m<p[39m
              [33mstyle[39m=[32m"margin: 0px; color: var(--color-text-secondary);"[39m
            [36m>[39m
              [0mAPI[0m
              [0m / [0m
              [0mProd[0m
              [0m ÔÇó [0m
              [0m7/1/2026, 5:15:20 pm[0m
            [36m</p>[39m
          [36m</div>[39m
          [36m<div[39m
            [33mstyle[39m=[32m"display: flex; gap: 8px; align-items: center;"[39m
          [36m>[39m
            [36m<span[39m
              [33mclass[39m=[32m""[39m
              [33mstyle[39m=[32m"display: inline-flex; align-items: center; padding: 
var(--spacing-xs) var(--spacing-sm); font-size: var(--text-xs); font-weight: 500; 
border-radius: var(--radius-md); background-color: var(--color-error-bg); color: 
var(--color-error);"[39m
            [36m>[39m
              [0mhigh[0m
            [36m</span>[39m
            [36m<span[39m
              [33mclass[39m=[32m""[39m
              [33mstyle[39m=[32m"display: inline-flex; align-items: center; padding: 
var(--spacing-xs) var(--spacing-sm); font-size: var(--text-xs); font-weight: 500; 
border-radius: var(--radius-md); background-color: var(--color-error-bg); color: 
var(--color-error);"[39m
            [36m>[39m
              [0mopen[0m
            [36m</span>[39m
          [36m</div>[39m
        [36m</div>[39m
        [36m<div[39m
          [33mstyle[39m=[32m"margin-top: var(--spacing-lg); display: flex; gap: 
12px;"[39m
        [36m>[39m
          [36m<a[39m
            [33mhref[39m=[32m"/logs?serviceId=svc1&environmentId=env1&from=2026-01-07T11%
3A30%3A20.958Z&to=2026-01-07T12%3A00%3A20.958Z"[39m
            [33mstyle[39m=[32m"text-decoration: none; padding: 8px 16px; border-radius: 
4px; border: 1px solid var(--color-border); color: var(--color-text-primary); 
background-color: var(--color-background-secondary);"[39m
          [36m>[39m
            [0mView Logs Around Time[0m
          [36m</a>[39m
          [36m<button[39m
            [33mstyle[39m=[32m"padding: 8px 16px; border-radius: 4px; color: white; 
background-color: var(--color-success-emphasis); cursor: pointer;"[39m
          [36m>[39m
            [0mResolve Incident[0m
          [36m</button>[39m
          [36m<button[39m
            [33mstyle[39m=[32m"padding: 8px 16px; border-radius: 4px; border: 1px solid 
var(--color-border); color: var(--color-text-primary); background-color: 
var(--color-background-tertiary); cursor: pointer;"[39m
          [36m>[39m
            [0mStart Investigation[0m
          [36m</button>[39m
        [36m</div>[39m
      [36m</div>[39m
      [36m<h3[39m
        [33mstyle[39m=[32m"font-size: var(--text-lg); margin-bottom: 
var(--spacing-md);"[39m
      [36m>[39m
        [0mTimeline[0m
      [36m</h3>[39m
      [36m<div[39m
        [33mstyle[39m=[32m"display: flex; flex-direction: column; gap: 
var(--spacing-md);"[39m
      [36m>[39m
        [36m<div[39m
          [33mstyle[39m=[32m"display: flex; gap: 16px;"[39m
        [36m>[39m
          [36m<div[39m
            [33mstyle[39m=[32m"min-width: 140px; font-size: var(--text-sm); color: 
var(--color-text-secondary); text-align: right;"[39m
          [36m>[39m
            [0m7/1/2026, 5:15:20 pm[0m
          [36m</div>[39m
          [36m<div[39m
            [33mstyle[39m=[32m"padding-bottom: var(--spacing-md); border-left: 2px solid 
var(--color-border); padding-left: 24px; position: relative;"[39m
          [36m>[39m
            [36m<div[39m
              [33mstyle[39m=[32m"position: absolute; left: -5px; top: 0px; width: 8px; 
height: 8px; border-radius: 50%; background-color: var(--color-text-secondary);"[39m
            [36m/>[39m
            [36m<div[39m
              [33mstyle[39m=[32m"font-weight: 600; margin-bottom: 4px;"[39m
            [36m>[39m
              [0mCREATED[0m
            [36m</div>[39m
            [36m<div[39m
              [33mstyle[39m=[32m"color: var(--color-text-primary);"[39m
            [36m>[39m
              [0mIncident created[0m
            [36m</div>[39m
          [36m</div>[39m
        [36m</div>[39m
      [36m</div>[39m
    [36m</div>[39m
  [36m</div>[39m
  [36m<div>[39m
    [36m<div[39m
      [33mstyle[39m=[32m"padding: var(--spacing-lg); max-width: 800px; margin: 0px 
auto;"[39m
    [36m>[39m
      [36m<button[39m
        [33mstyle[39m=[32m"margin-bottom: var(--spacing-md); background: none; color: 
var(--color-primary); cursor: pointer;"[39m
      [36m>[39m
        [0mÔåÉ Back to Incidents[0m
      [36m</button>[39m
      [36m<div[39m
        [33mstyle[39m=[32m"margin-bottom: var(--spacing-xl); border-bottom: 1px solid 
var(--color-border); padding-bottom: var(--spacing-lg);"[39m
      [36m>[39m
        [36m<div[39m
          [33mstyle[39m=[32m"display: flex; justify-content: space-between; align-items: 
flex-start;"[39m
        [36m>[39m
          [36m<div>[39m
            [36m<h1[39m
              [33mstyle[39m=[32m"margin: 0 0 var(--spacing-sm) 0; font-size: 
var(--text-xl);"[39m
            [36m>[39m
              [0mApi High Latency[0m
            [36m</h1>[39m
            [36m<p[39m
              [33mstyle[39m=[32m"margin: 0px; color: var(--color-text-secondary);"[39m
            [36m>[39m
              [0mAPI[0m
              [0m / [0m
              [0mProd[0m
              [0m ÔÇó [0m
              [0m7/1/2026, 5:15:20 pm[0m
            [36m</p>[39m
          [36m</div>[39m
          [36m<div[39m
            [33mstyle[39m=[32m"display: flex; gap: 8px; align-items: center;"[39m
          [36m>[39m
            [36m<span[39m
              [33mclass[39m=[32m""[39m
              [33mstyle[39m=[32m"display: inline-flex; align-items: center; padding: 
var(--spacing-xs) var(--spacing-sm); font-size: var(--text-xs); font-weight: 500; 
border-radius: var(--rad...

Ignored nodes: comments, script, style
[36m<html>[39m
  [36m<head />[39m
  [36m<body>[39m
    [36m<div>[39m
      [36m<div[39m
        [33mstyle[39m=[32m"padding: var(--spacing-lg); max-width: 800px; margin: 0px 
auto;"[39m
      [36m>[39m
        [36m<button[39m
          [33mstyle[39m=[32m"margin-bottom: var(--spacing-md); background: none; color: 
var(--color-primary); cursor: pointer;"[39m
        [36m>[39m
          [0mÔåÉ Back to Incidents[0m
        [36m</button>[39m
        [36m<div[39m
          [33mstyle[39m=[32m"margin-bottom: var(--spacing-xl); border-bottom: 1px solid 
var(--color-border); padding-bottom: var(--spacing-lg);"[39m
        [36m>[39m
          [36m<div[39m
            [33mstyle[39m=[32m"display: flex; justify-content: space-between; 
align-items: flex-start;"[39m
          [36m>[39m
            [36m<div>[39m
              [36m<h1[39m
                [33mstyle[39m=[32m"margin: 0 0 var(--spacing-sm) 0; font-size: 
var(--text-xl);"[39m
              [36m>[39m
                [0mApi High Latency[0m
              [36m</h1>[39m
              [36m<p[39m
                [33mstyle[39m=[32m"margin: 0px; color: var(--color-text-secondary);"[39m
              [36m>[39m
                [0mAPI[0m
                [0m / [0m
                [0mProd[0m
                [0m ÔÇó [0m
                [0m7/1/2026, 5:15:20 pm[0m
              [36m</p>[39m
            [36m</div>[39m
            [36m<div[39m
              [33mstyle[39m=[32m"display: flex; gap: 8px; align-items: center;"[39m
            [36m>[39m
              [36m<span[39m
                [33mclass[39m=[32m""[39m
                [33mstyle[39m=[32m"display: inline-flex; align-items: center; padding: 
var(--spacing-xs) var(--spacing-sm); font-size: var(--text-xs); font-weight: 500; 
border-radius: var(--radius-md); background-color: var(--color-error-bg); color: 
var(--color-error);"[39m
              [36m>[39m
                [0mhigh[0m
              [36m</span>[39m
              [36m<span[39m
                [33mclass[39m=[32m""[39m
                [33mstyle[39m=[32m"display: inline-flex; align-items: center; padding: 
var(--spacing-xs) var(--spacing-sm); font-size: var(--text-xs); font-weight: 500; 
border-radius: var(--radius-md); background-color: var(--color-error-bg); color: 
var(--color-error);"[39m
              [36m>[39m
                [0mopen[0m
              [36m</span>[39m
            [36m</div>[39m
          [36m</div>[39m
          [36m<div[39m
            [33mstyle[39m=[32m"margin-top: var(--spacing-lg); display: flex; gap: 
12px;"[39m
          [36m>[39m
            [36m<a[39m
              [33mhref[39m=[32m"/logs?serviceId=svc1&environmentId=env1&from=2026-01-07T1
1%3A30%3A20.958Z&to=2026-01-07T12%3A00%3A20.958Z"[39m
              [33mstyle[39m=[32m"text-decoration: none; padding: 8px 16px; 
border-radius: 4px; border: 1px solid var(--color-border); color: 
var(--color-text-primary); background-color: var(--color-background-secondary);"[39m
            [36m>[39m
              [0mView Logs Around Time[0m
            [36m</a>[39m
            [36m<button[39m
              [33mstyle[39m=[32m"padding: 8px 16px; border-radius: 4px; color: white; 
background-color: var(--color-success-emphasis); cursor: pointer;"[39m
            [36m>[39m
              [0mResolve Incident[0m
            [36m</button>[39m
            [36m<button[39m
              [33mstyle[39m=[32m"padding: 8px 16px; border-radius: 4px; border: 1px 
solid var(--color-border); color: var(--color-text-primary); background-color: 
var(--color-background-tertiary); cursor: pointer;"[39m
            [36m>[39m
[2m Test Files [22m [1m[31m1 failed[39m[22m[90m (1)[39m
[2m      Tests [22m [1m[31m2 failed[39m[22m[2m | [22m[1m[32m2 passed[39m[22m[90m (4)[39m
[2m   Start at [22m 17:15:18
[2m   Duration [22m 4.61s[2m (transform 169ms, setup 211ms, collect 486ms, tests 2.17s, environment 1.08s, prepare 195ms)[22m

              [0mStart Investigation[0m
            [36m</button>[39m
          [36m</div>[39m
        [36m</div>[39m
        [36m<h3[39m
          [33mstyle[39m=[32m"font-size: var(--text-lg); margin-bottom: 
var(--spacing-md);"[39m
        [36m>[39m
          [0mTimeline[0m
        [36m</h3>[39m
        [36m<div[39m
          [33mstyle[39m=[32m"display: flex; flex-direction: column; gap: 
var(--spacing-md);"[39m
        [36m>[39m
          [36m<div[39m
            [33mstyle[39m=[32m"display: flex; gap: 16px;"[39m
          [36m>[39m
            [36m<div[39m
              [33mstyle[39m=[32m"min-width: 140px; font-size: var(--text-sm); color: 
var(--color-text-secondary); text-align: right;"[39m
            [36m>[39m
              [0m7/1/2026, 5:15:20 pm[0m
            [36m</div>[39m
            [36m<div[39m
              [33mstyle[39m=[32m"padding-bottom: var(--spacing-md); border-left: 2px 
solid var(--color-border); padding-left: 24px; position: relative;"[39m
            [36m>[39m
              [36m<div[39m
                [33mstyle[39m=[32m"position: absolute; left: -5px; top: 0px; width: 8px; 
height: 8px; border-radius: 50%; background-color: var(--color-text-secondary);"[39m
              [36m/>[39m
              [36m<div[39m
                [33mstyle[39m=[32m"font-weight: 600; margin-bottom: 4px;"[39m
              [36m>[39m
                [0mCREATED[0m
              [36m</div>[39m
              [36m<div[39m
                [33mstyle[39m=[32m"color: var(--color-text-primary);"[39m
              [36m>[39m
                [0mIncident created[0m
              [36m</div>[39m
            [36m</div>[39m
          [36m</div>[39m
        [36m</div>[39m
      [36m</div>[39m
    [36m</div>[39m
    [36m<div>[39m
      [36m<div[39m
        [33mstyle[39m=[32m"padding: var(--spacing-lg); max-width: 800px; margin: 0px 
auto;"[39m
      [36m>[39m
        [36m<button[39m
          [33mstyle[39m=[32m"margin-bottom: var(--spacing-md); background: none; color: 
var(--color-primary); cursor: pointer;"[39m
        [36m>[39m
          [0mÔåÉ Back to Incidents[0m
        [36m</button>[39m
        [36m<div[39m
          [33mstyle[39m=[32m"margin-bottom: var(--spacing-xl); border-bottom: 1px solid 
var(--color-border); padding-bottom: var(--spacing-lg);"[39m
        [36m>[39m
          [36m<div[39m
            [33mstyle[39m=[32m"display: flex; justify-content: space-between; 
align-items: flex-start;"[39m
          [36m>[39m
            [36m<div>[39m
              [36m<h1[39m
                [33mstyle[39m=[32m"margin: 0 0 var(--spacing-sm) 0; font-size: 
var(--text-xl);"[39m
              [36m>[39m
                [0mApi High Latency[0m
              [36m</h1>[39m
              [36m<p[39m
                [33mstyle[39m=[32m"margin: 0px; color: var(--color-text-secondary);"[39m
              [36m>[39m
                [0mAPI[0m
                [0m / [0m
                [0mProd[0m
                [0m ÔÇó [0m
                [0m7/1/2026, 5:15:20 pm[0m
              [36m</p>[39m
            [36m</div>[39m
            [36m<div[39m
              [33mstyle[39m=[32m"display: flex; gap: 8...
[90m [2mÔØ»[22m Proxy.waitForWrapper node_modules/.pnpm/@testing-library+dom@10.4.1/node_
modules/@testing-library/dom/dist/wait-for.js:[2m163:27[22m[39m
[36m [2mÔØ»[22m tests/ui/incident.detail.smoke.test.tsx:[2m82:15[22m[39m
    [90m 80| [39m        [34mrender[39m([33m<[39m[33mIncidentDetailClient[39m 
[33mincidentId[39m[33m=[39m[32m"123"[39m 
[33misDeveloper[39m[33m=[39m[33m{[39m[35mfal[39mÔÇª
    [90m 81| [39m
    [90m 82| [39m        [35mawait[39m [34mwaitFor[39m(() [33m=>[39m {
    [90m   | [39m              [31m^[39m
    [90m 83| [39m            
[34mexpect[39m(screen[33m.[39m[34mgetByText[39m([32m'Api High 
Latency'[39m))[33m.[39m[34mtoBeInTheDocu[39mÔÇª
    [90m 84| [39m            [90m// Debugging failure:[39m

[31m[2mÔÄ»ÔÄ»ÔÄ»ÔÄ»ÔÄ»ÔÄ»ÔÄ»ÔÄ»ÔÄ»ÔÄ»ÔÄ»ÔÄ»ÔÄ»ÔÄ»ÔÄ»ÔÄ»ÔÄ»ÔÄ»ÔÄ»ÔÄ»ÔÄ»ÔÄ»ÔÄ»ÔÄ»[2/2]ÔÄ»[2
2m[39m

ÔÇëELIFECYCLEÔÇë Test failed. See above for more details.
